// Jest Snapshot v1, https://goo.gl/fbAQLP

exports[`Test the Countries list renders correctly 1`] = `
<div
  class="heading"
>
  No Counrties Information and Details Found ❗❕
</div>
`;
