// Jest Snapshot v1, https://goo.gl/fbAQLP

exports[`Test the Countries list renders correctly 1`] = `
<div
  class="heading"
>
  No Counties Information Found ❗❕
</div>
`;
